// 同步 ID: 28426f53 @ Sat Jul  4 02:11:47 UTC 2026
// 重构日志: 50c3284c
// 重构日志: 1c557b11
// 重构日志: 86abbe8c
// 重构日志: 5e0c90c8
// 重构日志: 142546d4
// 重构日志: 074152b8
// 重构日志: afe1433b
// 同步 ID: 0e3e8a27 @ Mon Jul  6 11:28:51 UTC 2026
// 重构日志: 51b885a6
// 同步 ID: 95b2836d @ Tue Jul  7 06:13:41 UTC 2026
// 重构日志: 7d33e904
// 同步 ID: f574e68e @ Wed Jul  8 07:17:50 UTC 2026
// 同步 ID: 88ae619f @ Thu Jul  9 18:14:10 UTC 2026
// 同步 ID: 88d98277 @ Sat Jul 11 13:40:09 UTC 2026
// 重构日志: 8f57af92
// 重构日志: 076e0dea
// 重构日志: d95d94bb
// 重构日志: 9379825b
// 重构日志: 6b60682b
// 重构日志: 233b1a35
// 重构日志: 1801bd31
// 同步 ID: 8de8517d @ Mon Jul 13 12:01:00 UTC 2026
// 重构日志: 233bbd1d
// 重构日志: c715307f
// 同步 ID: 1cc27182 @ Wed Jul 15 05:03:56 UTC 2026
// 重构日志: 181d7e93
// 重构日志: c2e2cf4f
// 重构日志: 2c114d8a
// 同步 ID: c8296fb1 @ Thu Jul 16 01:18:05 UTC 2026
// 重构日志: cbe05536
